// Jest Snapshot v1, https://goo.gl/fbAQLP

exports[`InformationModal events should closes when close button is clicked 1`] = `
<DocumentFragment>
  <div />
</DocumentFragment>
`;

exports[`InformationModal loading status render with loading icon 1`] = `
<DocumentFragment>
  <div />
</DocumentFragment>
`;

exports[`InformationModal render component and match snapshot 1`] = `
<DocumentFragment>
  <div />
</DocumentFragment>
`;
