// Jest Snapshot v1, https://goo.gl/fbAQLP

exports[`ExpertsList test should render component and match snapshot 1`] = `
<DocumentFragment>
  <div
    class="MuiGrid-root MuiGrid-container MuiGrid-spacing-xs-3"
  >
    <div
      class="MuiGrid-root MuiGrid-item MuiGrid-grid-xs-6 MuiGrid-grid-sm-6 MuiGrid-grid-md-4"
    >
      <div
        class="MuiPaper-root MuiCard-root ExpertPhotoDataCard-root-1 MuiPaper-elevation1 MuiPaper-rounded"
      >
        <a
          href="/experts/10"
        >
          <div
            class="MuiBox-root MuiBox-root-3 ExpertPhotoDataCard-photo-2"
          >
            <img
              alt="doctor"
              aria-hidden="true"
              class="makeStyles-photo-4"
              src="https://i.pravatar.cc/300?img=16"
            />
          </div>
          <div
            class="MuiPaper-root MuiCard-root ExpertDataCard-root-5 MuiPaper-elevation1 MuiPaper-rounded"
          >
            <h4
              class="MuiTypography-root ExpertDataCard-name-6 MuiTypography-h4"
            >
              Марія Марієнко
            </h4>
            <h6
              class="MuiTypography-root ExpertDataCard-qualification-7 MuiTypography-h6 MuiTypography-gutterBottom"
            >
              Лікар вищої категорії, Medical Idea, Бровари
            </h6>
          </div>
        </a>
      </div>
    </div>
    <div
      class="MuiGrid-root MuiGrid-item MuiGrid-grid-xs-6 MuiGrid-grid-sm-6 MuiGrid-grid-md-4"
    >
      <div
        class="MuiPaper-root MuiCard-root ExpertPhotoDataCard-root-1 MuiPaper-elevation1 MuiPaper-rounded"
      >
        <a
          href="/experts/6"
        >
          <div
            class="MuiBox-root MuiBox-root-8 ExpertPhotoDataCard-photo-2"
          >
            <img
              alt="doctor"
              aria-hidden="true"
              class="makeStyles-photo-4"
              src="https://i.pravatar.cc/300?img=44"
            />
          </div>
          <div
            class="MuiPaper-root MuiCard-root ExpertDataCard-root-5 MuiPaper-elevation1 MuiPaper-rounded"
          >
            <h4
              class="MuiTypography-root ExpertDataCard-name-6 MuiTypography-h4"
            >
              Палана Литвинова
            </h4>
            <h6
              class="MuiTypography-root ExpertDataCard-qualification-7 MuiTypography-h6 MuiTypography-gutterBottom"
            >
              Кандидат медичних наук, Медікум, Дніпро
            </h6>
          </div>
        </a>
      </div>
    </div>
    <div
      class="MuiGrid-root MuiGrid-item MuiGrid-grid-xs-6 MuiGrid-grid-sm-6 MuiGrid-grid-md-4"
    >
      <div
        class="MuiPaper-root MuiCard-root ExpertPhotoDataCard-root-1 MuiPaper-elevation1 MuiPaper-rounded"
      >
        <a
          href="/experts/1"
        >
          <div
            class="MuiBox-root MuiBox-root-9 ExpertPhotoDataCard-photo-2"
          >
            <img
              alt="doctor"
              aria-hidden="true"
              class="makeStyles-photo-4"
              src="https://i.pravatar.cc/300?img=44"
            />
          </div>
          <div
            class="MuiPaper-root MuiCard-root ExpertDataCard-root-5 MuiPaper-elevation1 MuiPaper-rounded"
          >
            <h4
              class="MuiTypography-root ExpertDataCard-name-6 MuiTypography-h4"
            >
              Таржеман Соколов
            </h4>
            <h6
              class="MuiTypography-root ExpertDataCard-qualification-7 MuiTypography-h6 MuiTypography-gutterBottom"
            >
              Кандидат медичних наук, Медікум, Дніпро
            </h6>
          </div>
        </a>
      </div>
    </div>
    <div
      class="MuiGrid-root MuiGrid-item MuiGrid-grid-xs-6 MuiGrid-grid-sm-6 MuiGrid-grid-md-4"
    >
      <div
        class="MuiPaper-root MuiCard-root ExpertPhotoDataCard-root-1 MuiPaper-elevation1 MuiPaper-rounded"
      >
        <a
          href="/experts/16"
        >
          <div
            class="MuiBox-root MuiBox-root-10 ExpertPhotoDataCard-photo-2"
          >
            <img
              alt="doctor"
              aria-hidden="true"
              class="makeStyles-photo-4"
              src="https://i.pravatar.cc/300?img=16"
            />
          </div>
          <div
            class="MuiPaper-root MuiCard-root ExpertDataCard-root-5 MuiPaper-elevation1 MuiPaper-rounded"
          >
            <h4
              class="MuiTypography-root ExpertDataCard-name-6 MuiTypography-h4"
            >
              Олег Петренко
            </h4>
            <h6
              class="MuiTypography-root ExpertDataCard-qualification-7 MuiTypography-h6 MuiTypography-gutterBottom"
            >
              Лікар вищої категорії, Medical Idea, Бровари
            </h6>
          </div>
        </a>
      </div>
    </div>
    <div
      class="MuiGrid-root MuiGrid-item MuiGrid-grid-xs-6 MuiGrid-grid-sm-6 MuiGrid-grid-md-4"
    >
      <div
        class="MuiPaper-root MuiCard-root ExpertPhotoDataCard-root-1 MuiPaper-elevation1 MuiPaper-rounded"
      >
        <a
          href="/experts/2"
        >
          <div
            class="MuiBox-root MuiBox-root-11 ExpertPhotoDataCard-photo-2"
          >
            <img
              alt="doctor"
              aria-hidden="true"
              class="makeStyles-photo-4"
              src="https://i.pravatar.cc/300?img=16"
            />
          </div>
          <div
            class="MuiPaper-root MuiCard-root ExpertDataCard-root-5 MuiPaper-elevation1 MuiPaper-rounded"
          >
            <h4
              class="MuiTypography-root ExpertDataCard-name-6 MuiTypography-h4"
            >
              Милетий Чернышов
            </h4>
            <h6
              class="MuiTypography-root ExpertDataCard-qualification-7 MuiTypography-h6 MuiTypography-gutterBottom"
            >
              Лікар вищої категорії, Medical Idea, Бровари
            </h6>
          </div>
        </a>
      </div>
    </div>
    <div
      class="MuiGrid-root MuiGrid-item MuiGrid-grid-xs-6 MuiGrid-grid-sm-6 MuiGrid-grid-md-4"
    >
      <div
        class="MuiPaper-root MuiCard-root ExpertPhotoDataCard-root-1 MuiPaper-elevation1 MuiPaper-rounded"
      >
        <a
          href="/experts/5"
        >
          <div
            class="MuiBox-root MuiBox-root-12 ExpertPhotoDataCard-photo-2"
          >
            <img
              alt="doctor"
              aria-hidden="true"
              class="makeStyles-photo-4"
              src="https://i.pravatar.cc/300?img=44"
            />
          </div>
          <div
            class="MuiPaper-root MuiCard-root ExpertDataCard-root-5 MuiPaper-elevation1 MuiPaper-rounded"
          >
            <h4
              class="MuiTypography-root ExpertDataCard-name-6 MuiTypography-h4"
            >
              Гигран Алексеев
            </h4>
            <h6
              class="MuiTypography-root ExpertDataCard-qualification-7 MuiTypography-h6 MuiTypography-gutterBottom"
            >
              Кандидат медичних наук, Медікум, Дніпро
            </h6>
          </div>
        </a>
      </div>
    </div>
    <div
      class="MuiGrid-root MuiGrid-item MuiGrid-grid-xs-6 MuiGrid-grid-sm-6 MuiGrid-grid-md-4"
    >
      <div
        class="MuiPaper-root MuiCard-root ExpertPhotoDataCard-root-1 MuiPaper-elevation1 MuiPaper-rounded"
      >
        <a
          href="/experts/13"
        >
          <div
            class="MuiBox-root MuiBox-root-13 ExpertPhotoDataCard-photo-2"
          >
            <img
              alt="doctor"
              aria-hidden="true"
              class="makeStyles-photo-4"
              src="https://i.pravatar.cc/300?img=44"
            />
          </div>
          <div
            class="MuiPaper-root MuiCard-root ExpertDataCard-root-5 MuiPaper-elevation1 MuiPaper-rounded"
          >
            <h4
              class="MuiTypography-root ExpertDataCard-name-6 MuiTypography-h4"
            >
              Марина Вовк
            </h4>
            <h6
              class="MuiTypography-root ExpertDataCard-qualification-7 MuiTypography-h6 MuiTypography-gutterBottom"
            >
              Кандидат медичних наук, Медікум, Дніпро
            </h6>
          </div>
        </a>
      </div>
    </div>
    <div
      class="MuiGrid-root MuiGrid-item MuiGrid-grid-xs-6 MuiGrid-grid-sm-6 MuiGrid-grid-md-4"
    >
      <div
        class="MuiPaper-root MuiCard-root ExpertPhotoDataCard-root-1 MuiPaper-elevation1 MuiPaper-rounded"
      >
        <a
          href="/experts/7"
        >
          <div
            class="MuiBox-root MuiBox-root-14 ExpertPhotoDataCard-photo-2"
          >
            <img
              alt="doctor"
              aria-hidden="true"
              class="makeStyles-photo-4"
              src="https://i.pravatar.cc/300?img=16"
            />
          </div>
          <div
            class="MuiPaper-root MuiCard-root ExpertDataCard-root-5 MuiPaper-elevation1 MuiPaper-rounded"
          >
            <h4
              class="MuiTypography-root ExpertDataCard-name-6 MuiTypography-h4"
            >
              Регіна Регіненко
            </h4>
            <h6
              class="MuiTypography-root ExpertDataCard-qualification-7 MuiTypography-h6 MuiTypography-gutterBottom"
            >
              Лікар вищої категорії, Medical Idea, Бровари
            </h6>
          </div>
        </a>
      </div>
    </div>
    <div
      class="MuiGrid-root MuiGrid-item MuiGrid-grid-xs-6 MuiGrid-grid-sm-6 MuiGrid-grid-md-4"
    >
      <div
        class="MuiPaper-root MuiCard-root ExpertPhotoDataCard-root-1 MuiPaper-elevation1 MuiPaper-rounded"
      >
        <a
          href="/experts/12"
        >
          <div
            class="MuiBox-root MuiBox-root-15 ExpertPhotoDataCard-photo-2"
          >
            <img
              alt="doctor"
              aria-hidden="true"
              class="makeStyles-photo-4"
              src="https://i.pravatar.cc/300?img=16"
            />
          </div>
          <div
            class="MuiPaper-root MuiCard-root ExpertDataCard-root-5 MuiPaper-elevation1 MuiPaper-rounded"
          >
            <h4
              class="MuiTypography-root ExpertDataCard-name-6 MuiTypography-h4"
            >
              Степан Степанов
            </h4>
            <h6
              class="MuiTypography-root ExpertDataCard-qualification-7 MuiTypography-h6 MuiTypography-gutterBottom"
            >
              Лікар вищої категорії, Medical Idea, Бровари
            </h6>
          </div>
        </a>
      </div>
    </div>
    <div
      class="MuiGrid-root MuiGrid-item MuiGrid-grid-xs-6 MuiGrid-grid-sm-6 MuiGrid-grid-md-4"
    >
      <div
        class="MuiPaper-root MuiCard-root ExpertPhotoDataCard-root-1 MuiPaper-elevation1 MuiPaper-rounded"
      >
        <a
          href="/experts/3"
        >
          <div
            class="MuiBox-root MuiBox-root-16 ExpertPhotoDataCard-photo-2"
          >
            <img
              alt="doctor"
              aria-hidden="true"
              class="makeStyles-photo-4"
              src="https://i.pravatar.cc/300?img=44"
            />
          </div>
          <div
            class="MuiPaper-root MuiCard-root ExpertDataCard-root-5 MuiPaper-elevation1 MuiPaper-rounded"
          >
            <h4
              class="MuiTypography-root ExpertDataCard-name-6 MuiTypography-h4"
            >
              Незда Ушаков
            </h4>
            <h6
              class="MuiTypography-root ExpertDataCard-qualification-7 MuiTypography-h6 MuiTypography-gutterBottom"
            >
              Кандидат медичних наук, Медікум, Дніпро
            </h6>
          </div>
        </a>
      </div>
    </div>
    <div
      class="MuiGrid-root MuiGrid-item MuiGrid-grid-xs-6 MuiGrid-grid-sm-6 MuiGrid-grid-md-4"
    >
      <div
        class="MuiPaper-root MuiCard-root ExpertPhotoDataCard-root-1 MuiPaper-elevation1 MuiPaper-rounded"
      >
        <a
          href="/experts/4"
        >
          <div
            class="MuiBox-root MuiBox-root-17 ExpertPhotoDataCard-photo-2"
          >
            <img
              alt="doctor"
              aria-hidden="true"
              class="makeStyles-photo-4"
              src="https://i.pravatar.cc/300?img=44"
            />
          </div>
          <div
            class="MuiPaper-root MuiCard-root ExpertDataCard-root-5 MuiPaper-elevation1 MuiPaper-rounded"
          >
            <h4
              class="MuiTypography-root ExpertDataCard-name-6 MuiTypography-h4"
            >
              Кукури Чапко
            </h4>
            <h6
              class="MuiTypography-root ExpertDataCard-qualification-7 MuiTypography-h6 MuiTypography-gutterBottom"
            >
              Кандидат медичних наук, Медікум, Дніпро
            </h6>
          </div>
        </a>
      </div>
    </div>
    <div
      class="MuiGrid-root MuiGrid-item MuiGrid-grid-xs-6 MuiGrid-grid-sm-6 MuiGrid-grid-md-4"
    >
      <div
        class="MuiPaper-root MuiCard-root ExpertPhotoDataCard-root-1 MuiPaper-elevation1 MuiPaper-rounded"
      >
        <a
          href="/experts/14"
        >
          <div
            class="MuiBox-root MuiBox-root-18 ExpertPhotoDataCard-photo-2"
          >
            <img
              alt="doctor"
              aria-hidden="true"
              class="makeStyles-photo-4"
              src="https://i.pravatar.cc/300?img=16"
            />
          </div>
          <div
            class="MuiPaper-root MuiCard-root ExpertDataCard-root-5 MuiPaper-elevation1 MuiPaper-rounded"
          >
            <h4
              class="MuiTypography-root ExpertDataCard-name-6 MuiTypography-h4"
            >
              Олег Петренко
            </h4>
            <h6
              class="MuiTypography-root ExpertDataCard-qualification-7 MuiTypography-h6 MuiTypography-gutterBottom"
            >
              Лікар вищої категорії, Medical Idea, Бровари
            </h6>
          </div>
        </a>
      </div>
    </div>
    <div
      class="MuiGrid-root MuiGrid-item MuiGrid-grid-xs-6 MuiGrid-grid-sm-6 MuiGrid-grid-md-4"
    >
      <div
        class="MuiPaper-root MuiCard-root ExpertPhotoDataCard-root-1 MuiPaper-elevation1 MuiPaper-rounded"
      >
        <a
          href="/experts/8"
        >
          <div
            class="MuiBox-root MuiBox-root-19 ExpertPhotoDataCard-photo-2"
          >
            <img
              alt="doctor"
              aria-hidden="true"
              class="makeStyles-photo-4"
              src="https://i.pravatar.cc/300?img=44"
            />
          </div>
          <div
            class="MuiPaper-root MuiCard-root ExpertDataCard-root-5 MuiPaper-elevation1 MuiPaper-rounded"
          >
            <h4
              class="MuiTypography-root ExpertDataCard-name-6 MuiTypography-h4"
            >
              Тарас Шевченко
            </h4>
            <h6
              class="MuiTypography-root ExpertDataCard-qualification-7 MuiTypography-h6 MuiTypography-gutterBottom"
            >
              Лікар-спеціаліст, Інномед, Вінниця
            </h6>
          </div>
        </a>
      </div>
    </div>
  </div>
</DocumentFragment>
`;

exports[`ExpertsList without data test should render error screen and match snapshot 1`] = `
<DocumentFragment>
  <div
    class="MuiGrid-root MuiGrid-container MuiGrid-direction-xs-column MuiGrid-align-items-xs-center"
    style="font-size: 24px; user-select: none; width: 400px; height: 240px; margin: 100px auto 0px;"
  >
    <svg
      aria-hidden="true"
      class="MuiSvgIcon-root"
      focusable="false"
      style="height: 65px; width: 65px; margin-bottom: 30px;"
      viewBox="0 0 24 24"
    >
      <circle
        cx="15.5"
        cy="9.5"
        r="1.5"
      />
      <circle
        cx="8.5"
        cy="9.5"
        r="1.5"
      />
      <path
        d="M11.99 2C6.47 2 2 6.48 2 12s4.47 10 9.99 10C17.52 22 22 17.52 22 12S17.52 2 11.99 2zM12 20c-4.42 0-8-3.58-8-8s3.58-8 8-8 8 3.58 8 8-3.58 8-8 8zm0-6c-2.33 0-4.32 1.45-5.12 3.5h1.67c.69-1.19 1.97-2 3.45-2s2.75.81 3.45 2h1.67c-.8-2.05-2.79-3.5-5.12-3.5z"
      />
    </svg>
    <p
      class="MuiTypography-root MuiTypography-body1 MuiTypography-alignCenter"
      style="font-weight: 500; font-family: Raleway; font-size: 24px; line-height: 32px;"
    >
      На жаль, даних, що відповідають вашому запиту, не знайдено.
    </p>
    <button
      class="MuiButtonBase-root MuiButton-root MuiButton-text makeStyles-btnCancel-21 makeStyles-btn-20 MuiButton-textPrimary"
      data-testid="button"
      tabindex="0"
      type="button"
    >
      <span
        class="MuiButton-label"
      >
        ПОВЕРНУТИСЯ НА ГОЛОВНУ
      </span>
      <span
        class="MuiTouchRipple-root"
      />
    </button>
  </div>
</DocumentFragment>
`;
