// Jest Snapshot v1, https://goo.gl/fbAQLP

exports[`PasswordResetView tests should PasswordResetView component render 1`] = `
<DocumentFragment>
  <form
    data-testid="password-reset-view"
  >
    <h3
      class="MuiTypography-root MuiTypography-h3"
    >
      Відновлення паролю:
    </h3>
    <div
      class="MuiFormControl-root MuiTextField-root BasicInput-basicInput-2 MuiFormControl-marginNormal MuiFormControl-fullWidth"
    >
      <label
        class="MuiFormLabel-root MuiInputLabel-root MuiInputLabel-formControl MuiInputLabel-animated MuiInputLabel-outlined"
        data-shrink="false"
      >
        E-mail
      </label>
      <div
        class="MuiInputBase-root MuiOutlinedInput-root MuiInputBase-fullWidth MuiInputBase-formControl"
      >
        <input
          aria-invalid="false"
          class="MuiInputBase-input MuiOutlinedInput-input"
          data-testid="basic-input"
          name="email"
          type="text"
          value=""
        />
        <fieldset
          aria-hidden="true"
          class="PrivateNotchedOutline-root-5 MuiOutlinedInput-notchedOutline"
        >
          <legend
            class="PrivateNotchedOutline-legendLabelled-7"
          >
            <span>
              E-mail
            </span>
          </legend>
        </fieldset>
      </div>
    </div>
    <button
      class="MuiButtonBase-root MuiButton-root MuiButton-contained BasicInput-basicAcceptButton-9 Mui-disabled MuiButton-fullWidth Mui-disabled"
      disabled=""
      tabindex="-1"
      type="submit"
    >
      <span
        class="MuiButton-label"
      >
        Підтвердити зміни
      </span>
    </button>
  </form>
</DocumentFragment>
`;